// Jest Snapshot v1, https://goo.gl/fbAQLP

exports[`VacancyListComponent snapshot #render should render vacancy list component 1`] = `
Array [
  <div
    className="card"
  >
    <ul
      className="list-group list-group-flush"
    >
      <li
        className="list-group-item"
      >
        <div
          className="row m-0"
        >
          <div
            className="col-2"
          >
            <img
              alt="1"
              className="img-thumbnail image-thumbnail-item"
              src="placeholder-image-768x576.png"
            />
          </div>
          <div
            className="col-6"
          >
            <h4>
              VP of Engineering
            </h4>
            <p
              className="font-weight-light"
            >
              My Company Inc
            </p>
            <p
              className="font-weight-light text-small"
            >
              West Jakarta, Indonesia
               
              路
               
              IDR 0.00
               
              -
               
              IDR 0.00
               
              /
               
              month
            </p>
          </div>
          <div
            className="col-4"
          >
            <div
              className="row justify-content-end"
            >
              <p
                className="font-weight-light text-small"
              >
                Posted
                 
                1 days ago
                 
                路 Apply before
                 
                1 Jan
                .
              </p>
            </div>
            <div
              className="row justify-content-end"
            >
              <button
                className="btn btn-outline-primary"
                type="button"
              >
                Vacancy Detail
              </button>
            </div>
          </div>
        </div>
      </li>
    </ul>
  </div>,
  <div
    className="card"
  >
    <ul
      className="list-group list-group-flush"
    >
      <li
        className="list-group-item"
      >
        <div
          className="row m-0"
        >
          <div
            className="col-2"
          >
            <img
              alt="1"
              className="img-thumbnail image-thumbnail-item"
              src="placeholder-image-768x576.png"
            />
          </div>
          <div
            className="col-6"
          >
            <h4>
              Credit Analyst
            </h4>
            <p
              className="font-weight-light"
            >
              Your Company Inc
            </p>
            <p
              className="font-weight-light text-small"
            >
              West Jakarta, Indonesia
               
              路
               
              IDR 0.00
               
              -
               
              IDR 0.00
               
              /
               
              month
            </p>
          </div>
          <div
            className="col-4"
          >
            <div
              className="row justify-content-end"
            >
              <p
                className="font-weight-light text-small"
              >
                Posted
                 
                1 days ago
                 
                路 Apply before
                 
                1 Jan
                .
              </p>
            </div>
            <div
              className="row justify-content-end"
            >
              <button
                className="btn btn-outline-primary"
                type="button"
              >
                Vacancy Detail
              </button>
            </div>
          </div>
        </div>
      </li>
    </ul>
  </div>,
]
`;
