// Jest Snapshot v1, https://goo.gl/fbAQLP

exports[`App #render should render vacancy list component with pagination component 1`] = `
<div
  className="container-fluid min-vh-100 bg-main"
>
  <VacancyContainer />
</div>
`;
